[2026-04-13 19:53:02] [INFO] eSim Tool Manager started
[2026-04-13 19:54:05] [INFO] eSim Tool Manager started
[2026-04-13 19:58:15] [INFO] eSim Tool Manager started
[2026-04-13 20:00:41] [INFO] eSim Tool Manager started
[2026-04-13 20:01:35] [INFO] eSim Tool Manager started
[2026-04-13 20:04:33] [INFO] eSim Tool Manager started
[2026-04-13 20:07:59] [INFO] eSim Tool Manager started
[2026-04-13 20:13:06] [INFO] eSim Tool Manager started
[2026-04-13 20:13:09] [INFO] eSim Tool Manager started
[2026-04-13 20:13:32] [INFO] eSim Tool Manager started
[2026-04-13 20:14:47] [INFO] eSim Tool Manager started
[2026-04-13 20:15:20] [INFO] eSim Tool Manager started
[2026-04-13 20:15:49] [INFO] Checking for available updates...
[2026-04-13 20:15:49] [INFO] Update check completed
[2026-04-13 20:17:02] [INFO] eSim Tool Manager started
[2026-04-13 20:17:21] [INFO] eSim Tool Manager started
[2026-04-13 20:18:01] [INFO] Starting installation of kicad...
[2026-04-13 20:18:01] [INFO] Checking dependencies for kicad...
[2026-04-13 20:18:01] [INFO] Checking dependencies for kicad...
[2026-04-13 20:18:01] [INFO] Installing kicad version 7.0.2...
[2026-04-13 20:18:01] [INFO] Downloading from: https://kicad.org/download/windows//kicad-7.0.2-x64.zip
[2026-04-13 20:18:01] [INFO] Downloading: https://kicad.org/download/windows//kicad-7.0.2-x64.zip
[2026-04-13 20:18:03] [ERROR] Download failed: 404 Client Error: Not Found for url: https://www.kicad.org/download/windows//kicad-7.0.2-x64.zip
Exception: 404 Client Error: Not Found for url: https://www.kicad.org/download/windows//kicad-7.0.2-x64.zip
Traceback (most recent call last):
  File "c:\Users\shria\OneDrive\Desktop\esim project\esim-tool-manager\src\utils\downloader.py", line 111, in download_with_progress
    response.raise_for_status()
  File "C:\Users\shria\AppData\Local\Programs\Python\Python311\Lib\site-packages\requests\models.py", line 1026, in raise_for_status
    raise HTTPError(http_error_msg, response=self)
requests.exceptions.HTTPError: 404 Client Error: Not Found for url: https://www.kicad.org/download/windows//kicad-7.0.2-x64.zip
[2026-04-13 20:18:03] [INFO] Cleaned up temporary files
[2026-04-13 20:18:52] [INFO] eSim Tool Manager started
[2026-04-13 20:21:17] [INFO] eSim Tool Manager started
[2026-04-13 20:23:30] [INFO] eSim Tool Manager started
[2026-04-13 20:25:15] [INFO] eSim Tool Manager started
[2026-04-13 20:25:26] [INFO] Starting installation of kicad...
[2026-04-13 20:25:26] [INFO] Checking dependencies for kicad...
[2026-04-13 20:25:26] [INFO] Checking dependencies for kicad...
[2026-04-13 20:25:26] [INFO] Installing kicad version 10.0.0-1...
[2026-04-13 20:25:26] [INFO] Downloading from: https://kicad-downloads.s3.cern.ch/windows/stable/kicad-10.0.0-1-x86_64.exe
[2026-04-13 20:25:26] [INFO] Downloading: https://kicad-downloads.s3.cern.ch/windows/stable/kicad-10.0.0-1-x86_64.exe
[2026-04-13 20:28:10] [INFO] Cleaned up temporary files
